Starting project at C:\Users\willi\OneDrive\Documentos\job\lease-contract-app
Starting Metro Bundler
